0 verbose cli /usr/local/bin/node /usr/local/bin/npm
1 info using npm@10.9.2
2 info using node@v22.17.0
3 silly config load:file:/usr/local/lib/node_modules/npm/npmrc
4 silly config load:file:/Users/jungsikbyun/Documents/뉴스피드/.npmrc
5 silly config load:file:/Users/jungsikbyun/.npmrc
6 silly config load:file:/usr/local/etc/npmrc
7 verbose title npm install next@latest react@latest react-dom@latest
8 verbose argv "install" "next@latest" "react@latest" "react-dom@latest" "--cache" ".npm-cache" "--force"
9 verbose logfile logs-max:10 dir:/Users/jungsikbyun/Documents/뉴스피드/.npm-cache/_logs/2026-05-30T21_27_10_219Z-
10 verbose logfile /Users/jungsikbyun/Documents/뉴스피드/.npm-cache/_logs/2026-05-30T21_27_10_219Z-debug-0.log
11 warn using --force Recommended protections disabled.
12 silly logfile done cleaning log files
13 silly packumentCache heap:4345298944 maxSize:1086324736 maxEntrySize:543162368
14 silly packumentCache corgi:https://registry.npmjs.org/next cache-miss
15 silly packumentCache corgi:https://registry.npmjs.org/react cache-miss
16 silly packumentCache corgi:https://registry.npmjs.org/react-dom cache-miss
17 http fetch GET 200 https://registry.npmjs.org/npm 225ms
18 http fetch GET 200 https://registry.npmjs.org/react-dom 250ms (cache miss)
19 silly packumentCache corgi:https://registry.npmjs.org/react-dom set size:undefined disposed:false
20 http fetch GET 200 https://registry.npmjs.org/react 278ms (cache miss)
21 silly packumentCache corgi:https://registry.npmjs.org/react set size:undefined disposed:false
22 http fetch GET 200 https://registry.npmjs.org/next 471ms (cache miss)
23 silly packumentCache corgi:https://registry.npmjs.org/next set size:undefined disposed:false
24 silly idealTree buildDeps
25 silly fetch manifest react-dom@19.2.6
26 silly packumentCache full:https://registry.npmjs.org/react-dom cache-miss
27 http fetch GET 200 https://registry.npmjs.org/react-dom 203ms (cache miss)
28 silly packumentCache full:https://registry.npmjs.org/react-dom set size:undefined disposed:false
29 silly fetch manifest react@19.2.6
30 silly packumentCache full:https://registry.npmjs.org/react cache-miss
31 http fetch GET 200 https://registry.npmjs.org/react 157ms (cache miss)
32 silly packumentCache full:https://registry.npmjs.org/react set size:undefined disposed:false
33 silly fetch manifest next@16.2.6
34 silly packumentCache full:https://registry.npmjs.org/next cache-miss
35 http fetch GET 200 https://registry.npmjs.org/next 575ms (cache miss)
36 silly packumentCache full:https://registry.npmjs.org/next set size:undefined disposed:false
37 silly fetch manifest @opentelemetry/api@^1.1.0
38 silly packumentCache full:https://registry.npmjs.org/@opentelemetry%2fapi cache-miss
39 http fetch GET 200 https://registry.npmjs.org/@opentelemetry%2fapi 56ms (cache miss)
40 silly packumentCache full:https://registry.npmjs.org/@opentelemetry%2fapi set size:undefined disposed:false
41 silly fetch manifest @playwright/test@^1.51.1
42 silly packumentCache full:https://registry.npmjs.org/@playwright%2ftest cache-miss
43 http fetch GET 200 https://registry.npmjs.org/@playwright%2ftest 224ms (cache miss)
44 silly packumentCache full:https://registry.npmjs.org/@playwright%2ftest set size:undefined disposed:false
45 silly fetch manifest babel-plugin-react-compiler@*
46 silly packumentCache full:https://registry.npmjs.org/babel-plugin-react-compiler cache-miss
47 http fetch GET 200 https://registry.npmjs.org/babel-plugin-react-compiler 57ms (cache miss)
48 silly packumentCache full:https://registry.npmjs.org/babel-plugin-react-compiler set size:undefined disposed:false
49 silly fetch manifest sass@^1.3.0
50 silly packumentCache full:https://registry.npmjs.org/sass cache-miss
51 http fetch GET 200 https://registry.npmjs.org/sass 75ms (cache miss)
52 silly packumentCache full:https://registry.npmjs.org/sass set size:undefined disposed:false
53 silly placeDep ROOT next@16.2.6 OK for: newsfeed-app@0.1.0 want: 16.2.6
54 silly placeDep ROOT react@19.2.6 OK for: next@16.2.6 want: ^18.2.0 || 19.0.0-rc-de68d2f4-20241204 || ^19.0.0
55 silly placeDep ROOT react-dom@19.2.6 OK for: next@16.2.6 want: ^18.2.0 || 19.0.0-rc-de68d2f4-20241204 || ^19.0.0
56 silly placeDep ROOT react@19.2.6 REPLACE for: newsfeed-app@0.1.0 want: 19.2.6
57 silly placeDep ROOT react-dom@19.2.6 REPLACE for: newsfeed-app@0.1.0 want: 19.2.6
58 silly fetch manifest postcss@8.4.31
59 silly packumentCache full:https://registry.npmjs.org/postcss cache-miss
60 silly fetch manifest @next/env@16.2.6
61 silly packumentCache full:https://registry.npmjs.org/@next%2fenv cache-miss
62 silly fetch manifest styled-jsx@5.1.6
63 silly packumentCache full:https://registry.npmjs.org/styled-jsx cache-miss
64 silly fetch manifest @swc/helpers@0.5.15
65 silly packumentCache full:https://registry.npmjs.org/@swc%2fhelpers cache-miss
66 silly fetch manifest caniuse-lite@^1.0.30001579
67 silly packumentCache full:https://registry.npmjs.org/caniuse-lite cache-miss
68 silly fetch manifest baseline-browser-mapping@^2.9.19
69 silly packumentCache full:https://registry.npmjs.org/baseline-browser-mapping cache-miss
70 silly fetch manifest sharp@^0.34.5
71 silly packumentCache full:https://registry.npmjs.org/sharp cache-miss
72 silly fetch manifest @next/swc-darwin-x64@16.2.6
73 silly packumentCache full:https://registry.npmjs.org/@next%2fswc-darwin-x64 cache-miss
74 silly fetch manifest @next/swc-darwin-arm64@16.2.6
75 silly packumentCache full:https://registry.npmjs.org/@next%2fswc-darwin-arm64 cache-miss
76 silly fetch manifest @next/swc-linux-x64-gnu@16.2.6
77 silly packumentCache full:https://registry.npmjs.org/@next%2fswc-linux-x64-gnu cache-miss
78 silly fetch manifest @next/swc-linux-x64-musl@16.2.6
79 silly packumentCache full:https://registry.npmjs.org/@next%2fswc-linux-x64-musl cache-miss
80 silly fetch manifest @next/swc-win32-x64-msvc@16.2.6
81 silly packumentCache full:https://registry.npmjs.org/@next%2fswc-win32-x64-msvc cache-miss
82 silly fetch manifest @next/swc-linux-arm64-gnu@16.2.6
83 silly packumentCache full:https://registry.npmjs.org/@next%2fswc-linux-arm64-gnu cache-miss
84 http fetch GET 200 https://registry.npmjs.org/postcss 67ms (cache miss)
85 silly packumentCache full:https://registry.npmjs.org/postcss set size:undefined disposed:false
86 silly fetch manifest @next/swc-linux-arm64-musl@16.2.6
87 silly packumentCache full:https://registry.npmjs.org/@next%2fswc-linux-arm64-musl cache-miss
88 http fetch GET 200 https://registry.npmjs.org/styled-jsx 70ms (cache miss)
89 silly packumentCache full:https://registry.npmjs.org/styled-jsx set size:undefined disposed:false
90 silly fetch manifest @next/swc-win32-arm64-msvc@16.2.6
91 silly packumentCache full:https://registry.npmjs.org/@next%2fswc-win32-arm64-msvc cache-miss
92 http fetch GET 200 https://registry.npmjs.org/@swc%2fhelpers 98ms (cache miss)
93 silly packumentCache full:https://registry.npmjs.org/@swc%2fhelpers set size:undefined disposed:false
94 silly fetch manifest scheduler@^0.27.0
95 silly packumentCache full:https://registry.npmjs.org/scheduler cache-miss
96 http fetch GET 200 https://registry.npmjs.org/baseline-browser-mapping 178ms (cache miss)
97 silly packumentCache full:https://registry.npmjs.org/baseline-browser-mapping set size:undefined disposed:false
98 silly fetch manifest scheduler@^0.27.0
99 silly packumentCache full:https://registry.npmjs.org/scheduler cache-miss
100 http fetch GET 200 https://registry.npmjs.org/sharp 196ms (cache miss)
101 silly packumentCache full:https://registry.npmjs.org/sharp set size:undefined disposed:false
102 http fetch GET 200 https://registry.npmjs.org/@next%2fenv 242ms (cache miss)
103 silly packumentCache full:https://registry.npmjs.org/@next%2fenv set size:undefined disposed:false
104 http fetch GET 200 https://registry.npmjs.org/@next%2fswc-win32-arm64-msvc 243ms (cache miss)
105 silly packumentCache full:https://registry.npmjs.org/@next%2fswc-win32-arm64-msvc set size:undefined disposed:false
106 http fetch GET 200 https://registry.npmjs.org/caniuse-lite 338ms (cache miss)
107 silly packumentCache full:https://registry.npmjs.org/caniuse-lite set size:undefined disposed:false
108 http fetch GET 200 https://registry.npmjs.org/@next%2fswc-linux-arm64-musl 283ms (cache miss)
109 silly packumentCache full:https://registry.npmjs.org/@next%2fswc-linux-arm64-musl set size:undefined disposed:false
110 http fetch GET 200 https://registry.npmjs.org/scheduler 299ms (cache miss)
111 silly packumentCache full:https://registry.npmjs.org/scheduler set size:undefined disposed:false
112 http fetch GET 200 https://registry.npmjs.org/@next%2fswc-linux-arm64-gnu 427ms (cache miss)
113 silly packumentCache full:https://registry.npmjs.org/@next%2fswc-linux-arm64-gnu set size:undefined disposed:false
114 http fetch GET 200 https://registry.npmjs.org/@next%2fswc-linux-x64-gnu 443ms (cache miss)
115 silly packumentCache full:https://registry.npmjs.org/@next%2fswc-linux-x64-gnu set size:undefined disposed:false
116 http fetch GET 200 https://registry.npmjs.org/@next%2fswc-linux-x64-musl 459ms (cache miss)
117 silly packumentCache full:https://registry.npmjs.org/@next%2fswc-linux-x64-musl set size:undefined disposed:false
118 http fetch GET 200 https://registry.npmjs.org/@next%2fswc-win32-x64-msvc 483ms (cache miss)
119 silly packumentCache full:https://registry.npmjs.org/@next%2fswc-win32-x64-msvc set size:undefined disposed:false
120 http fetch GET 200 https://registry.npmjs.org/@next%2fswc-darwin-x64 502ms (cache miss)
121 silly packumentCache full:https://registry.npmjs.org/@next%2fswc-darwin-x64 set size:undefined disposed:false
122 http fetch GET 200 https://registry.npmjs.org/@next%2fswc-darwin-arm64 523ms (cache miss)
123 silly packumentCache full:https://registry.npmjs.org/@next%2fswc-darwin-arm64 set size:undefined disposed:false
124 http fetch GET 200 https://registry.npmjs.org/scheduler 363ms (cache miss)
125 silly packumentCache full:https://registry.npmjs.org/scheduler set size:undefined disposed:false
126 silly fetch manifest react@^18.2.0 || 19.0.0-rc-de68d2f4-20241204 || ^19.0.0
127 silly packumentCache full:https://registry.npmjs.org/react cache-miss
128 http cache https://registry.npmjs.org/react 14ms (cache hit)
129 silly packumentCache full:https://registry.npmjs.org/react set size:6668742 disposed:false
130 silly placeDep ROOT @next/env@16.2.6 OK for: next@16.2.6 want: 16.2.6
131 silly placeDep ROOT @next/swc-darwin-arm64@16.2.6 OK for: next@16.2.6 want: 16.2.6
132 silly placeDep ROOT @next/swc-darwin-x64@16.2.6 OK for: next@16.2.6 want: 16.2.6
133 silly placeDep ROOT @next/swc-linux-arm64-gnu@16.2.6 OK for: next@16.2.6 want: 16.2.6
134 silly placeDep ROOT @next/swc-linux-arm64-musl@16.2.6 OK for: next@16.2.6 want: 16.2.6
135 silly placeDep ROOT @next/swc-linux-x64-gnu@16.2.6 OK for: next@16.2.6 want: 16.2.6
136 silly placeDep ROOT @next/swc-linux-x64-musl@16.2.6 OK for: next@16.2.6 want: 16.2.6
137 silly placeDep ROOT @next/swc-win32-arm64-msvc@16.2.6 OK for: next@16.2.6 want: 16.2.6
138 silly placeDep ROOT @next/swc-win32-x64-msvc@16.2.6 OK for: next@16.2.6 want: 16.2.6
139 silly placeDep ROOT @swc/helpers@0.5.15 OK for: next@16.2.6 want: 0.5.15
140 silly placeDep ROOT baseline-browser-mapping@2.10.33 OK for: next@16.2.6 want: ^2.9.19
141 silly placeDep ROOT caniuse-lite@1.0.30001793 OK for: next@16.2.6 want: ^1.0.30001579
142 silly placeDep ROOT postcss@8.4.31 OK for: next@16.2.6 want: 8.4.31
143 silly placeDep ROOT sharp@0.34.5 OK for: next@16.2.6 want: ^0.34.5
144 silly placeDep ROOT styled-jsx@5.1.6 OK for: next@16.2.6 want: 5.1.6
145 silly fetch manifest tslib@^2.8.0
146 silly packumentCache full:https://registry.npmjs.org/tslib cache-miss
147 silly fetch manifest nanoid@^3.3.6
148 silly packumentCache full:https://registry.npmjs.org/nanoid cache-miss
149 silly fetch manifest picocolors@^1.0.0
150 silly packumentCache full:https://registry.npmjs.org/picocolors cache-miss
151 silly fetch manifest source-map-js@^1.0.2
152 silly packumentCache full:https://registry.npmjs.org/source-map-js cache-miss
153 silly fetch manifest semver@^7.7.3
154 silly packumentCache full:https://registry.npmjs.org/semver cache-miss
155 silly fetch manifest @img/colour@^1.0.0
156 silly packumentCache full:https://registry.npmjs.org/@img%2fcolour cache-miss
157 silly fetch manifest detect-libc@^2.1.2
158 silly packumentCache full:https://registry.npmjs.org/detect-libc cache-miss
159 silly fetch manifest @img/sharp-wasm32@0.34.5
160 silly packumentCache full:https://registry.npmjs.org/@img%2fsharp-wasm32 cache-miss
161 silly fetch manifest @img/sharp-linux-arm@0.34.5
162 silly packumentCache full:https://registry.npmjs.org/@img%2fsharp-linux-arm cache-miss
163 silly fetch manifest @img/sharp-linux-x64@0.34.5
164 silly packumentCache full:https://registry.npmjs.org/@img%2fsharp-linux-x64 cache-miss
165 silly fetch manifest @img/sharp-win32-x64@0.34.5
166 silly packumentCache full:https://registry.npmjs.org/@img%2fsharp-win32-x64 cache-miss
167 silly fetch manifest @img/sharp-darwin-x64@0.34.5
168 silly packumentCache full:https://registry.npmjs.org/@img%2fsharp-darwin-x64 cache-miss
169 silly fetch manifest @img/sharp-win32-ia32@0.34.5
170 silly packumentCache full:https://registry.npmjs.org/@img%2fsharp-win32-ia32 cache-miss
171 http fetch GET 200 https://registry.npmjs.org/tslib 36ms (cache miss)
172 silly packumentCache full:https://registry.npmjs.org/tslib set size:undefined disposed:false
173 silly fetch manifest @img/sharp-linux-arm64@0.34.5
174 silly packumentCache full:https://registry.npmjs.org/@img%2fsharp-linux-arm64 cache-miss
175 http fetch GET 200 https://registry.npmjs.org/detect-libc 44ms (cache miss)
176 silly packumentCache full:https://registry.npmjs.org/detect-libc set size:undefined disposed:false
177 silly fetch manifest @img/sharp-linux-ppc64@0.34.5
178 silly packumentCache full:https://registry.npmjs.org/@img%2fsharp-linux-ppc64 cache-miss
179 http fetch GET 200 https://registry.npmjs.org/picocolors 45ms (cache miss)
180 silly packumentCache full:https://registry.npmjs.org/picocolors set size:undefined disposed:false
181 silly fetch manifest @img/sharp-linux-s390x@0.34.5
182 silly packumentCache full:https://registry.npmjs.org/@img%2fsharp-linux-s390x cache-miss
183 http fetch GET 200 https://registry.npmjs.org/semver 52ms (cache miss)
184 silly packumentCache full:https://registry.npmjs.org/semver set size:undefined disposed:false
185 silly fetch manifest @img/sharp-win32-arm64@0.34.5
186 silly packumentCache full:https://registry.npmjs.org/@img%2fsharp-win32-arm64 cache-miss
187 http fetch GET 200 https://registry.npmjs.org/source-map-js 56ms (cache miss)
188 silly packumentCache full:https://registry.npmjs.org/source-map-js set size:undefined disposed:false
189 silly fetch manifest @img/sharp-darwin-arm64@0.34.5
190 silly packumentCache full:https://registry.npmjs.org/@img%2fsharp-darwin-arm64 cache-miss
191 http fetch GET 200 https://registry.npmjs.org/@img%2fsharp-linux-arm 59ms (cache miss)
192 silly packumentCache full:https://registry.npmjs.org/@img%2fsharp-linux-arm set size:undefined disposed:false
193 silly fetch manifest @img/sharp-linux-riscv64@0.34.5
194 silly packumentCache full:https://registry.npmjs.org/@img%2fsharp-linux-riscv64 cache-miss
195 http fetch GET 200 https://registry.npmjs.org/nanoid 62ms (cache miss)
196 silly packumentCache full:https://registry.npmjs.org/nanoid set size:undefined disposed:false
197 silly fetch manifest @img/sharp-linuxmusl-x64@0.34.5
198 silly packumentCache full:https://registry.npmjs.org/@img%2fsharp-linuxmusl-x64 cache-miss
199 http fetch GET 200 https://registry.npmjs.org/@img%2fcolour 65ms (cache miss)
200 silly packumentCache full:https://registry.npmjs.org/@img%2fcolour set size:undefined disposed:false
201 silly fetch manifest @img/sharp-linuxmusl-arm64@0.34.5
202 silly packumentCache full:https://registry.npmjs.org/@img%2fsharp-linuxmusl-arm64 cache-miss
203 http fetch GET 200 https://registry.npmjs.org/@img%2fsharp-linux-x64 68ms (cache miss)
204 silly packumentCache full:https://registry.npmjs.org/@img%2fsharp-linux-x64 set size:undefined disposed:false
205 silly fetch manifest @img/sharp-libvips-linux-arm@1.2.4
206 silly packumentCache full:https://registry.npmjs.org/@img%2fsharp-libvips-linux-arm cache-miss
207 http fetch GET 200 https://registry.npmjs.org/@img%2fsharp-win32-x64 74ms (cache miss)
208 silly packumentCache full:https://registry.npmjs.org/@img%2fsharp-win32-x64 set size:undefined disposed:false
209 silly fetch manifest @img/sharp-libvips-linux-x64@1.2.4
210 silly packumentCache full:https://registry.npmjs.org/@img%2fsharp-libvips-linux-x64 cache-miss
211 http fetch GET 200 https://registry.npmjs.org/@img%2fsharp-win32-ia32 79ms (cache miss)
212 silly packumentCache full:https://registry.npmjs.org/@img%2fsharp-win32-ia32 set size:undefined disposed:false
213 silly fetch manifest @img/sharp-libvips-darwin-x64@1.2.4
214 silly packumentCache full:https://registry.npmjs.org/@img%2fsharp-libvips-darwin-x64 cache-miss
215 http fetch GET 200 https://registry.npmjs.org/@img%2fsharp-darwin-x64 79ms (cache miss)
216 silly packumentCache full:https://registry.npmjs.org/@img%2fsharp-darwin-x64 set size:undefined disposed:false
217 silly fetch manifest @img/sharp-libvips-linux-arm64@1.2.4
218 silly packumentCache full:https://registry.npmjs.org/@img%2fsharp-libvips-linux-arm64 cache-miss
219 http fetch GET 200 https://registry.npmjs.org/@img%2fsharp-wasm32 95ms (cache miss)
220 silly packumentCache full:https://registry.npmjs.org/@img%2fsharp-wasm32 set size:undefined disposed:false
221 silly fetch manifest @img/sharp-libvips-linux-ppc64@1.2.4
222 silly packumentCache full:https://registry.npmjs.org/@img%2fsharp-libvips-linux-ppc64 cache-miss
223 http fetch GET 200 https://registry.npmjs.org/@img%2fsharp-win32-arm64 50ms (cache miss)
224 silly packumentCache full:https://registry.npmjs.org/@img%2fsharp-win32-arm64 set size:undefined disposed:false
225 silly fetch manifest @img/sharp-libvips-linux-s390x@1.2.4
226 silly packumentCache full:https://registry.npmjs.org/@img%2fsharp-libvips-linux-s390x cache-miss
227 http fetch GET 200 https://registry.npmjs.org/@img%2fsharp-linux-ppc64 59ms (cache miss)
228 silly packumentCache full:https://registry.npmjs.org/@img%2fsharp-linux-ppc64 set size:undefined disposed:false
229 silly fetch manifest @img/sharp-libvips-darwin-arm64@1.2.4
230 silly packumentCache full:https://registry.npmjs.org/@img%2fsharp-libvips-darwin-arm64 cache-miss
231 http fetch GET 200 https://registry.npmjs.org/@img%2fsharp-linux-arm64 71ms (cache miss)
232 silly packumentCache full:https://registry.npmjs.org/@img%2fsharp-linux-arm64 set size:undefined disposed:false
233 silly fetch manifest @img/sharp-libvips-linux-riscv64@1.2.4
234 silly packumentCache full:https://registry.npmjs.org/@img%2fsharp-libvips-linux-riscv64 cache-miss
235 http fetch GET 200 https://registry.npmjs.org/@img%2fsharp-linux-s390x 62ms (cache miss)
236 silly packumentCache full:https://registry.npmjs.org/@img%2fsharp-linux-s390x set size:undefined disposed:false
237 silly fetch manifest @img/sharp-libvips-linuxmusl-x64@1.2.4
238 silly packumentCache full:https://registry.npmjs.org/@img%2fsharp-libvips-linuxmusl-x64 cache-miss
239 http fetch GET 200 https://registry.npmjs.org/@img%2fsharp-darwin-arm64 56ms (cache miss)
240 silly packumentCache full:https://registry.npmjs.org/@img%2fsharp-darwin-arm64 set size:undefined disposed:false
241 silly fetch manifest @img/sharp-libvips-linuxmusl-arm64@1.2.4
242 silly packumentCache full:https://registry.npmjs.org/@img%2fsharp-libvips-linuxmusl-arm64 cache-miss
243 http fetch GET 200 https://registry.npmjs.org/@img%2fsharp-linux-riscv64 56ms (cache miss)
244 silly packumentCache full:https://registry.npmjs.org/@img%2fsharp-linux-riscv64 set size:undefined disposed:false
245 silly fetch manifest client-only@0.0.1
246 silly packumentCache full:https://registry.npmjs.org/client-only cache-miss
247 http fetch GET 200 https://registry.npmjs.org/@img%2fsharp-linuxmusl-arm64 60ms (cache miss)
248 silly packumentCache full:https://registry.npmjs.org/@img%2fsharp-linuxmusl-arm64 set size:undefined disposed:false
249 http fetch GET 200 https://registry.npmjs.org/@img%2fsharp-linuxmusl-x64 67ms (cache miss)
250 silly packumentCache full:https://registry.npmjs.org/@img%2fsharp-linuxmusl-x64 set size:undefined disposed:false
251 http fetch GET 200 https://registry.npmjs.org/@img%2fsharp-libvips-darwin-x64 66ms (cache miss)
252 silly packumentCache full:https://registry.npmjs.org/@img%2fsharp-libvips-darwin-x64 set size:undefined disposed:false
253 http fetch GET 200 https://registry.npmjs.org/@img%2fsharp-libvips-linux-x64 70ms (cache miss)
254 silly packumentCache full:https://registry.npmjs.org/@img%2fsharp-libvips-linux-x64 set size:undefined disposed:false
255 http fetch GET 200 https://registry.npmjs.org/@img%2fsharp-libvips-linux-arm64 66ms (cache miss)
256 silly packumentCache full:https://registry.npmjs.org/@img%2fsharp-libvips-linux-arm64 set size:undefined disposed:false
257 http fetch GET 200 https://registry.npmjs.org/@img%2fsharp-libvips-linux-arm 79ms (cache miss)
258 silly packumentCache full:https://registry.npmjs.org/@img%2fsharp-libvips-linux-arm set size:undefined disposed:false
259 http fetch GET 200 https://registry.npmjs.org/client-only 37ms (cache miss)
260 silly packumentCache full:https://registry.npmjs.org/client-only set size:undefined disposed:false
261 http fetch GET 200 https://registry.npmjs.org/@img%2fsharp-libvips-darwin-arm64 52ms (cache miss)
262 silly packumentCache full:https://registry.npmjs.org/@img%2fsharp-libvips-darwin-arm64 set size:undefined disposed:false
263 http fetch GET 200 https://registry.npmjs.org/@img%2fsharp-libvips-linux-riscv64 54ms (cache miss)
264 silly packumentCache full:https://registry.npmjs.org/@img%2fsharp-libvips-linux-riscv64 set size:undefined disposed:false
265 http fetch GET 200 https://registry.npmjs.org/@img%2fsharp-libvips-linuxmusl-x64 58ms (cache miss)
266 silly packumentCache full:https://registry.npmjs.org/@img%2fsharp-libvips-linuxmusl-x64 set size:undefined disposed:false
267 http fetch GET 200 https://registry.npmjs.org/@img%2fsharp-libvips-linuxmusl-arm64 59ms (cache miss)
268 silly packumentCache full:https://registry.npmjs.org/@img%2fsharp-libvips-linuxmusl-arm64 set size:undefined disposed:false
269 http fetch GET 200 https://registry.npmjs.org/@img%2fsharp-libvips-linux-ppc64 75ms (cache miss)
270 silly packumentCache full:https://registry.npmjs.org/@img%2fsharp-libvips-linux-ppc64 set size:undefined disposed:false
271 http fetch GET 200 https://registry.npmjs.org/@img%2fsharp-libvips-linux-s390x 75ms (cache miss)
272 silly packumentCache full:https://registry.npmjs.org/@img%2fsharp-libvips-linux-s390x set size:undefined disposed:false
273 silly placeDep ROOT tslib@2.8.1 OK for: @swc/helpers@0.5.15 want: ^2.8.0
274 silly placeDep ROOT nanoid@3.3.12 OK for: postcss@8.4.31 want: ^3.3.6
275 silly placeDep ROOT picocolors@1.1.1 OK for: postcss@8.4.31 want: ^1.0.0
276 silly placeDep ROOT source-map-js@1.2.1 OK for: postcss@8.4.31 want: ^1.0.2
277 silly placeDep ROOT scheduler@0.27.0 OK for: react-dom@19.2.6 want: ^0.27.0
278 silly placeDep ROOT @img/colour@1.1.0 OK for: sharp@0.34.5 want: ^1.0.0
279 silly placeDep ROOT @img/sharp-darwin-arm64@0.34.5 OK for: sharp@0.34.5 want: 0.34.5
280 silly placeDep ROOT @img/sharp-darwin-x64@0.34.5 OK for: sharp@0.34.5 want: 0.34.5
281 silly placeDep ROOT @img/sharp-libvips-darwin-arm64@1.2.4 OK for: sharp@0.34.5 want: 1.2.4
282 silly placeDep ROOT @img/sharp-libvips-darwin-x64@1.2.4 OK for: sharp@0.34.5 want: 1.2.4
283 silly placeDep ROOT @img/sharp-libvips-linux-arm@1.2.4 OK for: sharp@0.34.5 want: 1.2.4
284 silly placeDep ROOT @img/sharp-libvips-linux-arm64@1.2.4 OK for: sharp@0.34.5 want: 1.2.4
285 silly placeDep ROOT @img/sharp-libvips-linux-ppc64@1.2.4 OK for: sharp@0.34.5 want: 1.2.4
286 silly placeDep ROOT @img/sharp-libvips-linux-riscv64@1.2.4 OK for: sharp@0.34.5 want: 1.2.4
287 silly placeDep ROOT @img/sharp-libvips-linux-s390x@1.2.4 OK for: sharp@0.34.5 want: 1.2.4
288 silly placeDep ROOT @img/sharp-libvips-linux-x64@1.2.4 OK for: sharp@0.34.5 want: 1.2.4
289 silly placeDep ROOT @img/sharp-libvips-linuxmusl-arm64@1.2.4 OK for: sharp@0.34.5 want: 1.2.4
290 silly placeDep ROOT @img/sharp-libvips-linuxmusl-x64@1.2.4 OK for: sharp@0.34.5 want: 1.2.4
291 silly placeDep ROOT @img/sharp-linux-arm@0.34.5 OK for: sharp@0.34.5 want: 0.34.5
292 silly placeDep ROOT @img/sharp-linux-arm64@0.34.5 OK for: sharp@0.34.5 want: 0.34.5
293 silly placeDep ROOT @img/sharp-linux-ppc64@0.34.5 OK for: sharp@0.34.5 want: 0.34.5
294 silly placeDep ROOT @img/sharp-linux-riscv64@0.34.5 OK for: sharp@0.34.5 want: 0.34.5
295 silly placeDep ROOT @img/sharp-linux-s390x@0.34.5 OK for: sharp@0.34.5 want: 0.34.5
296 silly placeDep ROOT @img/sharp-linux-x64@0.34.5 OK for: sharp@0.34.5 want: 0.34.5
297 silly placeDep ROOT @img/sharp-linuxmusl-arm64@0.34.5 OK for: sharp@0.34.5 want: 0.34.5
298 silly placeDep ROOT @img/sharp-linuxmusl-x64@0.34.5 OK for: sharp@0.34.5 want: 0.34.5
299 silly placeDep ROOT @img/sharp-wasm32@0.34.5 OK for: sharp@0.34.5 want: 0.34.5
300 silly placeDep ROOT @img/sharp-win32-arm64@0.34.5 OK for: sharp@0.34.5 want: 0.34.5
301 silly placeDep ROOT @img/sharp-win32-ia32@0.34.5 OK for: sharp@0.34.5 want: 0.34.5
302 silly placeDep ROOT @img/sharp-win32-x64@0.34.5 OK for: sharp@0.34.5 want: 0.34.5
303 silly placeDep ROOT detect-libc@2.1.2 OK for: sharp@0.34.5 want: ^2.1.2
304 silly placeDep ROOT semver@7.8.1 OK for: sharp@0.34.5 want: ^7.7.3
305 silly fetch manifest @emnapi/runtime@^1.7.0
306 silly packumentCache full:https://registry.npmjs.org/@emnapi%2fruntime cache-miss
307 http fetch GET 200 https://registry.npmjs.org/@emnapi%2fruntime 62ms (cache miss)
308 silly packumentCache full:https://registry.npmjs.org/@emnapi%2fruntime set size:undefined disposed:false
309 silly placeDep ROOT @emnapi/runtime@1.10.0 OK for: @img/sharp-wasm32@0.34.5 want: ^1.7.0
310 silly placeDep ROOT client-only@0.0.1 OK for: styled-jsx@5.1.6 want: 0.0.1
311 silly reify moves {}
312 silly audit bulk request {
312 silly audit   next: [ '16.2.6' ],
312 silly audit   react: [ '19.2.6' ],
312 silly audit   'react-dom': [ '19.2.6' ],
312 silly audit   '@next/env': [ '16.2.6' ],
312 silly audit   '@next/swc-darwin-arm64': [ '16.2.6' ],
312 silly audit   '@next/swc-darwin-x64': [ '16.2.6' ],
312 silly audit   '@next/swc-linux-arm64-gnu': [ '16.2.6' ],
312 silly audit   '@next/swc-linux-arm64-musl': [ '16.2.6' ],
312 silly audit   '@next/swc-linux-x64-gnu': [ '16.2.6' ],
312 silly audit   '@next/swc-linux-x64-musl': [ '16.2.6' ],
312 silly audit   '@next/swc-win32-arm64-msvc': [ '16.2.6' ],
312 silly audit   '@next/swc-win32-x64-msvc': [ '16.2.6' ],
312 silly audit   '@swc/helpers': [ '0.5.15' ],
312 silly audit   'baseline-browser-mapping': [ '2.10.33' ],
312 silly audit   'caniuse-lite': [ '1.0.30001793' ],
312 silly audit   postcss: [ '8.4.31' ],
312 silly audit   sharp: [ '0.34.5' ],
312 silly audit   'styled-jsx': [ '5.1.6' ],
312 silly audit   tslib: [ '2.8.1' ],
312 silly audit   nanoid: [ '3.3.12' ],
312 silly audit   picocolors: [ '1.1.1' ],
312 silly audit   'source-map-js': [ '1.2.1' ],
312 silly audit   scheduler: [ '0.27.0' ],
312 silly audit   '@img/colour': [ '1.1.0' ],
312 silly audit   '@img/sharp-darwin-arm64': [ '0.34.5' ],
312 silly audit   '@img/sharp-darwin-x64': [ '0.34.5' ],
312 silly audit   '@img/sharp-libvips-darwin-arm64': [ '1.2.4' ],
312 silly audit   '@img/sharp-libvips-darwin-x64': [ '1.2.4' ],
312 silly audit   '@img/sharp-libvips-linux-arm': [ '1.2.4' ],
312 silly audit   '@img/sharp-libvips-linux-arm64': [ '1.2.4' ],
312 silly audit   '@img/sharp-libvips-linux-ppc64': [ '1.2.4' ],
312 silly audit   '@img/sharp-libvips-linux-riscv64': [ '1.2.4' ],
312 silly audit   '@img/sharp-libvips-linux-s390x': [ '1.2.4' ],
312 silly audit   '@img/sharp-libvips-linux-x64': [ '1.2.4' ],
312 silly audit   '@img/sharp-libvips-linuxmusl-arm64': [ '1.2.4' ],
312 silly audit   '@img/sharp-libvips-linuxmusl-x64': [ '1.2.4' ],
312 silly audit   '@img/sharp-linux-arm': [ '0.34.5' ],
312 silly audit   '@img/sharp-linux-arm64': [ '0.34.5' ],
312 silly audit   '@img/sharp-linux-ppc64': [ '0.34.5' ],
312 silly audit   '@img/sharp-linux-riscv64': [ '0.34.5' ],
312 silly audit   '@img/sharp-linux-s390x': [ '0.34.5' ],
312 silly audit   '@img/sharp-linux-x64': [ '0.34.5' ],
312 silly audit   '@img/sharp-linuxmusl-arm64': [ '0.34.5' ],
312 silly audit   '@img/sharp-linuxmusl-x64': [ '0.34.5' ],
312 silly audit   '@img/sharp-wasm32': [ '0.34.5' ],
312 silly audit   '@img/sharp-win32-arm64': [ '0.34.5' ],
312 silly audit   '@img/sharp-win32-ia32': [ '0.34.5' ],
312 silly audit   '@img/sharp-win32-x64': [ '0.34.5' ],
312 silly audit   'detect-libc': [ '2.1.2' ],
312 silly audit   semver: [ '7.8.1' ],
312 silly audit   '@emnapi/runtime': [ '1.10.0' ],
312 silly audit   'client-only': [ '0.0.1' ]
312 silly audit }
313 verbose reify failed optional dependency /Users/jungsikbyun/Documents/뉴스피드/node_modules/@img/sharp-win32-x64
314 silly reify mark deleted [
314 silly reify   '/Users/jungsikbyun/Documents/뉴스피드/node_modules/@img/sharp-win32-x64'
314 silly reify ]
315 verbose reify failed optional dependency /Users/jungsikbyun/Documents/뉴스피드/node_modules/@img/sharp-win32-ia32
316 silly reify mark deleted [
316 silly reify   '/Users/jungsikbyun/Documents/뉴스피드/node_modules/@img/sharp-win32-ia32'
316 silly reify ]
317 verbose reify failed optional dependency /Users/jungsikbyun/Documents/뉴스피드/node_modules/@img/sharp-win32-arm64
318 silly reify mark deleted [
318 silly reify   '/Users/jungsikbyun/Documents/뉴스피드/node_modules/@img/sharp-win32-arm64'
318 silly reify ]
319 verbose reify failed optional dependency /Users/jungsikbyun/Documents/뉴스피드/node_modules/@img/sharp-wasm32
320 silly reify mark deleted [
320 silly reify   '/Users/jungsikbyun/Documents/뉴스피드/node_modules/@img/sharp-wasm32'
320 silly reify ]
321 verbose reify failed optional dependency /Users/jungsikbyun/Documents/뉴스피드/node_modules/@emnapi/runtime
322 silly reify mark deleted [
322 silly reify   '/Users/jungsikbyun/Documents/뉴스피드/node_modules/@emnapi/runtime'
322 silly reify ]
323 verbose reify failed optional dependency /Users/jungsikbyun/Documents/뉴스피드/node_modules/@img/sharp-linuxmusl-x64
324 silly reify mark deleted [
324 silly reify   '/Users/jungsikbyun/Documents/뉴스피드/node_modules/@img/sharp-linuxmusl-x64'
324 silly reify ]
325 verbose reify failed optional dependency /Users/jungsikbyun/Documents/뉴스피드/node_modules/@img/sharp-linuxmusl-arm64
326 silly reify mark deleted [
326 silly reify   '/Users/jungsikbyun/Documents/뉴스피드/node_modules/@img/sharp-linuxmusl-arm64'
326 silly reify ]
327 verbose reify failed optional dependency /Users/jungsikbyun/Documents/뉴스피드/node_modules/@img/sharp-linux-x64
328 silly reify mark deleted [
328 silly reify   '/Users/jungsikbyun/Documents/뉴스피드/node_modules/@img/sharp-linux-x64'
328 silly reify ]
329 verbose reify failed optional dependency /Users/jungsikbyun/Documents/뉴스피드/node_modules/@img/sharp-linux-s390x
330 silly reify mark deleted [
330 silly reify   '/Users/jungsikbyun/Documents/뉴스피드/node_modules/@img/sharp-linux-s390x'
330 silly reify ]
331 verbose reify failed optional dependency /Users/jungsikbyun/Documents/뉴스피드/node_modules/@img/sharp-linux-riscv64
332 silly reify mark deleted [
332 silly reify   '/Users/jungsikbyun/Documents/뉴스피드/node_modules/@img/sharp-linux-riscv64'
332 silly reify ]
333 verbose reify failed optional dependency /Users/jungsikbyun/Documents/뉴스피드/node_modules/@img/sharp-linux-ppc64
334 silly reify mark deleted [
334 silly reify   '/Users/jungsikbyun/Documents/뉴스피드/node_modules/@img/sharp-linux-ppc64'
334 silly reify ]
335 verbose reify failed optional dependency /Users/jungsikbyun/Documents/뉴스피드/node_modules/@img/sharp-linux-arm64
336 silly reify mark deleted [
336 silly reify   '/Users/jungsikbyun/Documents/뉴스피드/node_modules/@img/sharp-linux-arm64'
336 silly reify ]
337 verbose reify failed optional dependency /Users/jungsikbyun/Documents/뉴스피드/node_modules/@img/sharp-linux-arm
338 silly reify mark deleted [
338 silly reify   '/Users/jungsikbyun/Documents/뉴스피드/node_modules/@img/sharp-linux-arm'
338 silly reify ]
339 verbose reify failed optional dependency /Users/jungsikbyun/Documents/뉴스피드/node_modules/@img/sharp-libvips-linuxmusl-x64
340 silly reify mark deleted [
340 silly reify   '/Users/jungsikbyun/Documents/뉴스피드/node_modules/@img/sharp-libvips-linuxmusl-x64'
340 silly reify ]
341 verbose reify failed optional dependency /Users/jungsikbyun/Documents/뉴스피드/node_modules/@img/sharp-libvips-linuxmusl-arm64
342 silly reify mark deleted [
342 silly reify   '/Users/jungsikbyun/Documents/뉴스피드/node_modules/@img/sharp-libvips-linuxmusl-arm64'
342 silly reify ]
343 verbose reify failed optional dependency /Users/jungsikbyun/Documents/뉴스피드/node_modules/@img/sharp-libvips-linux-x64
344 silly reify mark deleted [
344 silly reify   '/Users/jungsikbyun/Documents/뉴스피드/node_modules/@img/sharp-libvips-linux-x64'
344 silly reify ]
345 verbose reify failed optional dependency /Users/jungsikbyun/Documents/뉴스피드/node_modules/@img/sharp-libvips-linux-s390x
346 silly reify mark deleted [
346 silly reify   '/Users/jungsikbyun/Documents/뉴스피드/node_modules/@img/sharp-libvips-linux-s390x'
346 silly reify ]
347 verbose reify failed optional dependency /Users/jungsikbyun/Documents/뉴스피드/node_modules/@img/sharp-libvips-linux-riscv64
348 silly reify mark deleted [
348 silly reify   '/Users/jungsikbyun/Documents/뉴스피드/node_modules/@img/sharp-libvips-linux-riscv64'
348 silly reify ]
349 verbose reify failed optional dependency /Users/jungsikbyun/Documents/뉴스피드/node_modules/@img/sharp-libvips-linux-ppc64
350 silly reify mark deleted [
350 silly reify   '/Users/jungsikbyun/Documents/뉴스피드/node_modules/@img/sharp-libvips-linux-ppc64'
350 silly reify ]
351 verbose reify failed optional dependency /Users/jungsikbyun/Documents/뉴스피드/node_modules/@img/sharp-libvips-linux-arm64
352 silly reify mark deleted [
352 silly reify   '/Users/jungsikbyun/Documents/뉴스피드/node_modules/@img/sharp-libvips-linux-arm64'
352 silly reify ]
353 verbose reify failed optional dependency /Users/jungsikbyun/Documents/뉴스피드/node_modules/@img/sharp-libvips-linux-arm
354 silly reify mark deleted [
354 silly reify   '/Users/jungsikbyun/Documents/뉴스피드/node_modules/@img/sharp-libvips-linux-arm'
354 silly reify ]
355 verbose reify failed optional dependency /Users/jungsikbyun/Documents/뉴스피드/node_modules/@img/sharp-libvips-darwin-x64
356 silly reify mark deleted [
356 silly reify   '/Users/jungsikbyun/Documents/뉴스피드/node_modules/@img/sharp-libvips-darwin-x64'
356 silly reify ]
357 verbose reify failed optional dependency /Users/jungsikbyun/Documents/뉴스피드/node_modules/@img/sharp-darwin-x64
358 silly reify mark deleted [
358 silly reify   '/Users/jungsikbyun/Documents/뉴스피드/node_modules/@img/sharp-darwin-x64'
358 silly reify ]
359 verbose reify failed optional dependency /Users/jungsikbyun/Documents/뉴스피드/node_modules/@next/swc-win32-x64-msvc
360 silly reify mark deleted [
360 silly reify   '/Users/jungsikbyun/Documents/뉴스피드/node_modules/@next/swc-win32-x64-msvc'
360 silly reify ]
361 verbose reify failed optional dependency /Users/jungsikbyun/Documents/뉴스피드/node_modules/@next/swc-win32-arm64-msvc
362 silly reify mark deleted [
362 silly reify   '/Users/jungsikbyun/Documents/뉴스피드/node_modules/@next/swc-win32-arm64-msvc'
362 silly reify ]
363 verbose reify failed optional dependency /Users/jungsikbyun/Documents/뉴스피드/node_modules/@next/swc-linux-x64-musl
364 silly reify mark deleted [
364 silly reify   '/Users/jungsikbyun/Documents/뉴스피드/node_modules/@next/swc-linux-x64-musl'
364 silly reify ]
365 verbose reify failed optional dependency /Users/jungsikbyun/Documents/뉴스피드/node_modules/@next/swc-linux-x64-gnu
366 silly reify mark deleted [
366 silly reify   '/Users/jungsikbyun/Documents/뉴스피드/node_modules/@next/swc-linux-x64-gnu'
366 silly reify ]
367 verbose reify failed optional dependency /Users/jungsikbyun/Documents/뉴스피드/node_modules/@next/swc-linux-arm64-musl
368 silly reify mark deleted [
368 silly reify   '/Users/jungsikbyun/Documents/뉴스피드/node_modules/@next/swc-linux-arm64-musl'
368 silly reify ]
369 verbose reify failed optional dependency /Users/jungsikbyun/Documents/뉴스피드/node_modules/@next/swc-linux-arm64-gnu
370 silly reify mark deleted [
370 silly reify   '/Users/jungsikbyun/Documents/뉴스피드/node_modules/@next/swc-linux-arm64-gnu'
370 silly reify ]
371 verbose reify failed optional dependency /Users/jungsikbyun/Documents/뉴스피드/node_modules/@next/swc-darwin-x64
372 silly reify mark deleted [
372 silly reify   '/Users/jungsikbyun/Documents/뉴스피드/node_modules/@next/swc-darwin-x64'
372 silly reify ]
373 http cache client-only@https://registry.npmjs.org/client-only/-/client-only-0.0.1.tgz 0ms (cache hit)
374 http cache semver@https://registry.npmjs.org/semver/-/semver-7.8.1.tgz 0ms (cache hit)
375 http cache detect-libc@https://registry.npmjs.org/detect-libc/-/detect-libc-2.1.2.tgz 0ms (cache hit)
376 http cache @img/sharp-darwin-arm64@https://registry.npmjs.org/@img/sharp-darwin-arm64/-/sharp-darwin-arm64-0.34.5.tgz 0ms (cache hit)
377 http cache @img/sharp-libvips-darwin-arm64@https://registry.npmjs.org/@img/sharp-libvips-darwin-arm64/-/sharp-libvips-darwin-arm64-1.2.4.tgz 0ms (cache hit)
378 http cache @emnapi/runtime@https://registry.npmjs.org/@emnapi/runtime/-/runtime-1.10.0.tgz 0ms (cache hit)
379 http cache @img/colour@https://registry.npmjs.org/@img/colour/-/colour-1.1.0.tgz 0ms (cache hit)
380 http cache scheduler@https://registry.npmjs.org/scheduler/-/scheduler-0.27.0.tgz 0ms (cache hit)
381 http cache source-map-js@https://registry.npmjs.org/source-map-js/-/source-map-js-1.2.1.tgz 0ms (cache hit)
382 http cache picocolors@https://registry.npmjs.org/picocolors/-/picocolors-1.1.1.tgz 0ms (cache hit)
383 http cache nanoid@https://registry.npmjs.org/nanoid/-/nanoid-3.3.12.tgz 0ms (cache hit)
384 http cache styled-jsx@https://registry.npmjs.org/styled-jsx/-/styled-jsx-5.1.6.tgz 0ms (cache hit)
385 http cache tslib@https://registry.npmjs.org/tslib/-/tslib-2.8.1.tgz 0ms (cache hit)
386 http cache postcss@https://registry.npmjs.org/postcss/-/postcss-8.4.31.tgz 0ms (cache hit)
387 http cache caniuse-lite@https://registry.npmjs.org/caniuse-lite/-/caniuse-lite-1.0.30001793.tgz 0ms (cache hit)
388 http cache sharp@https://registry.npmjs.org/sharp/-/sharp-0.34.5.tgz 0ms (cache hit)
389 http cache baseline-browser-mapping@https://registry.npmjs.org/baseline-browser-mapping/-/baseline-browser-mapping-2.10.33.tgz 0ms (cache hit)
390 http cache @swc/helpers@https://registry.npmjs.org/@swc/helpers/-/helpers-0.5.15.tgz 0ms (cache hit)
391 http cache @next/swc-darwin-arm64@https://registry.npmjs.org/@next/swc-darwin-arm64/-/swc-darwin-arm64-16.2.6.tgz 0ms (cache hit)
392 http cache @next/env@https://registry.npmjs.org/@next/env/-/env-16.2.6.tgz 0ms (cache hit)
393 http cache react-dom@https://registry.npmjs.org/react-dom/-/react-dom-19.2.6.tgz 0ms (cache hit)
394 http cache react@https://registry.npmjs.org/react/-/react-19.2.6.tgz 0ms (cache hit)
395 http cache next@https://registry.npmjs.org/next/-/next-16.2.6.tgz 0ms (cache hit)
396 silly tarball no local data for client-only@https://registry.npmjs.org/client-only/-/client-only-0.0.1.tgz. Extracting by manifest.
397 silly tarball no local data for semver@https://registry.npmjs.org/semver/-/semver-7.8.1.tgz. Extracting by manifest.
398 silly tarball no local data for detect-libc@https://registry.npmjs.org/detect-libc/-/detect-libc-2.1.2.tgz. Extracting by manifest.
399 silly tarball no local data for @img/sharp-darwin-arm64@https://registry.npmjs.org/@img/sharp-darwin-arm64/-/sharp-darwin-arm64-0.34.5.tgz. Extracting by manifest.
400 silly tarball no local data for @img/sharp-libvips-darwin-arm64@https://registry.npmjs.org/@img/sharp-libvips-darwin-arm64/-/sharp-libvips-darwin-arm64-1.2.4.tgz. Extracting by manifest.
401 silly tarball no local data for @emnapi/runtime@https://registry.npmjs.org/@emnapi/runtime/-/runtime-1.10.0.tgz. Extracting by manifest.
402 silly tarball no local data for @img/colour@https://registry.npmjs.org/@img/colour/-/colour-1.1.0.tgz. Extracting by manifest.
403 silly tarball no local data for scheduler@https://registry.npmjs.org/scheduler/-/scheduler-0.27.0.tgz. Extracting by manifest.
404 silly tarball no local data for source-map-js@https://registry.npmjs.org/source-map-js/-/source-map-js-1.2.1.tgz. Extracting by manifest.
405 silly tarball no local data for picocolors@https://registry.npmjs.org/picocolors/-/picocolors-1.1.1.tgz. Extracting by manifest.
406 silly tarball no local data for nanoid@https://registry.npmjs.org/nanoid/-/nanoid-3.3.12.tgz. Extracting by manifest.
407 silly tarball no local data for styled-jsx@https://registry.npmjs.org/styled-jsx/-/styled-jsx-5.1.6.tgz. Extracting by manifest.
408 silly tarball no local data for tslib@https://registry.npmjs.org/tslib/-/tslib-2.8.1.tgz. Extracting by manifest.
409 silly tarball no local data for postcss@https://registry.npmjs.org/postcss/-/postcss-8.4.31.tgz. Extracting by manifest.
410 silly tarball no local data for caniuse-lite@https://registry.npmjs.org/caniuse-lite/-/caniuse-lite-1.0.30001793.tgz. Extracting by manifest.
411 silly tarball no local data for sharp@https://registry.npmjs.org/sharp/-/sharp-0.34.5.tgz. Extracting by manifest.
412 silly tarball no local data for baseline-browser-mapping@https://registry.npmjs.org/baseline-browser-mapping/-/baseline-browser-mapping-2.10.33.tgz. Extracting by manifest.
413 silly tarball no local data for @swc/helpers@https://registry.npmjs.org/@swc/helpers/-/helpers-0.5.15.tgz. Extracting by manifest.
414 silly tarball no local data for @next/swc-darwin-arm64@https://registry.npmjs.org/@next/swc-darwin-arm64/-/swc-darwin-arm64-16.2.6.tgz. Extracting by manifest.
415 silly tarball no local data for @next/env@https://registry.npmjs.org/@next/env/-/env-16.2.6.tgz. Extracting by manifest.
416 silly tarball no local data for react-dom@https://registry.npmjs.org/react-dom/-/react-dom-19.2.6.tgz. Extracting by manifest.
417 silly tarball no local data for react@https://registry.npmjs.org/react/-/react-19.2.6.tgz. Extracting by manifest.
418 silly tarball no local data for next@https://registry.npmjs.org/next/-/next-16.2.6.tgz. Extracting by manifest.
419 http fetch GET 200 https://registry.npmjs.org/nanoid/-/nanoid-3.3.12.tgz 65ms (cache miss)
420 http fetch GET 200 https://registry.npmjs.org/detect-libc/-/detect-libc-2.1.2.tgz 68ms (cache miss)
421 http fetch GET 200 https://registry.npmjs.org/client-only/-/client-only-0.0.1.tgz 69ms (cache miss)
422 http fetch GET 200 https://registry.npmjs.org/picocolors/-/picocolors-1.1.1.tgz 69ms (cache miss)
423 http fetch GET 200 https://registry.npmjs.org/scheduler/-/scheduler-0.27.0.tgz 69ms (cache miss)
424 http fetch GET 200 https://registry.npmjs.org/@img/colour/-/colour-1.1.0.tgz 72ms (cache miss)
425 http fetch GET 200 https://registry.npmjs.org/source-map-js/-/source-map-js-1.2.1.tgz 75ms (cache miss)
426 http fetch GET 200 https://registry.npmjs.org/@img/sharp-darwin-arm64/-/sharp-darwin-arm64-0.34.5.tgz 81ms (cache miss)
427 http fetch GET 200 https://registry.npmjs.org/@emnapi/runtime/-/runtime-1.10.0.tgz 84ms (cache miss)
428 http fetch GET 200 https://registry.npmjs.org/semver/-/semver-7.8.1.tgz 85ms (cache miss)
429 http fetch POST 200 https://registry.npmjs.org/-/npm/v1/security/advisories/bulk 95ms
430 silly audit report {
430 silly audit report   postcss: [
430 silly audit report     {
430 silly audit report       id: 1117015,
430 silly audit report       url: 'https://github.com/advisories/GHSA-qx2v-qp2m-jg93',
430 silly audit report       title: 'PostCSS has XSS via Unescaped </style> in its CSS Stringify Output',
430 silly audit report       severity: 'moderate',
430 silly audit report       vulnerable_versions: '<8.5.10',
430 silly audit report       cwe: [Array],
430 silly audit report       cvss: [Object]
430 silly audit report     }
430 silly audit report   ]
430 silly audit report }
431 silly packumentCache corgi:https://registry.npmjs.org/postcss cache-miss
432 http fetch GET 200 https://registry.npmjs.org/styled-jsx/-/styled-jsx-5.1.6.tgz 94ms (cache miss)
433 http fetch GET 200 https://registry.npmjs.org/baseline-browser-mapping/-/baseline-browser-mapping-2.10.33.tgz 95ms (cache miss)
434 http fetch GET 200 https://registry.npmjs.org/sharp/-/sharp-0.34.5.tgz 124ms (cache miss)
435 http fetch GET 200 https://registry.npmjs.org/@next/env/-/env-16.2.6.tgz 131ms (cache miss)
436 http fetch GET 200 https://registry.npmjs.org/react/-/react-19.2.6.tgz 132ms (cache miss)
437 http fetch GET 200 https://registry.npmjs.org/tslib/-/tslib-2.8.1.tgz 145ms (cache miss)
438 http fetch GET 200 https://registry.npmjs.org/postcss/-/postcss-8.4.31.tgz 174ms (cache miss)
439 http fetch GET 200 https://registry.npmjs.org/postcss 98ms (cache miss)
440 silly packumentCache corgi:https://registry.npmjs.org/postcss set size:undefined disposed:false
441 silly packumentCache corgi:https://registry.npmjs.org/next cache-miss
442 http cache https://registry.npmjs.org/next 39ms (cache hit)
443 silly packumentCache corgi:https://registry.npmjs.org/next set size:25082156 disposed:false
444 http fetch GET 200 https://registry.npmjs.org/react-dom/-/react-dom-19.2.6.tgz 635ms (cache miss)
445 http fetch GET 200 https://registry.npmjs.org/@swc/helpers/-/helpers-0.5.15.tgz 693ms (cache miss)
446 http fetch GET 200 https://registry.npmjs.org/caniuse-lite/-/caniuse-lite-1.0.30001793.tgz 740ms (cache miss)
447 http fetch GET 200 https://registry.npmjs.org/@img/sharp-libvips-darwin-arm64/-/sharp-libvips-darwin-arm64-1.2.4.tgz 744ms (cache miss)
448 http fetch GET 200 https://registry.npmjs.org/@next/swc-darwin-arm64/-/swc-darwin-arm64-16.2.6.tgz 3067ms (cache miss)
449 http fetch GET 200 https://registry.npmjs.org/next/-/next-16.2.6.tgz 3770ms (cache miss)
450 info run sharp@0.34.5 install node_modules/sharp node install/check.js || npm run build
451 info run sharp@0.34.5 install { code: 0, signal: null }
452 silly ADD node_modules/client-only
453 silly ADD
454 silly ADD node_modules/semver
455 silly ADD node_modules/detect-libc
456 silly ADD
457 silly ADD
458 silly ADD
459 silly ADD
460 silly ADD
461 silly ADD
462 silly ADD
463 silly ADD
464 silly ADD
465 silly ADD
466 silly ADD
467 silly ADD
468 silly ADD
469 silly ADD
470 silly ADD
471 silly ADD
472 silly ADD
473 silly ADD
474 silly ADD
475 silly ADD
476 silly ADD
477 silly ADD node_modules/@img/sharp-libvips-darwin-arm64
478 silly ADD
479 silly ADD node_modules/@img/sharp-darwin-arm64
480 silly ADD node_modules/@img/colour
481 silly ADD node_modules/scheduler
482 silly ADD node_modules/source-map-js
483 silly ADD node_modules/picocolors
484 silly ADD node_modules/nanoid
485 silly ADD node_modules/tslib
486 silly ADD node_modules/styled-jsx
487 silly ADD node_modules/sharp
488 silly ADD node_modules/postcss
489 silly ADD node_modules/caniuse-lite
490 silly ADD node_modules/baseline-browser-mapping
491 silly ADD node_modules/@swc/helpers
492 silly ADD
493 silly ADD
494 silly ADD
495 silly ADD
496 silly ADD
497 silly ADD
498 silly ADD
499 silly ADD node_modules/@next/swc-darwin-arm64
500 silly ADD node_modules/@next/env
501 silly ADD node_modules/react-dom
502 silly ADD node_modules/react
503 silly ADD node_modules/next
504 verbose cwd /Users/jungsikbyun/Documents/뉴스피드
505 verbose os Darwin 24.6.0
506 verbose node v22.17.0
507 verbose npm  v10.9.2
508 notice
508 notice New [31mmajor[39m version of npm available! [31m10.9.2[39m -> [34m11.16.0[39m
508 notice Changelog: [34mhttps://github.com/npm/cli/releases/tag/v11.16.0[39m
508 notice To update run: [4mnpm install -g npm@11.16.0[24m
508 notice  { force: true, [Symbol(proc-log.meta)]: true }
509 verbose exit 0
510 info ok
